// Jest Snapshot v1, https://goo.gl/fbAQLP

exports[`applyTemplate not found 1`] = `[]`;
